// Jest Snapshot v1, https://goo.gl/fbAQLP

exports[`<Ranks /> Should render correctly 1`] = `
<form
  className="base-form"
  onSubmit={[Function]}
>
  <div
    className="base-container"
  >
    <h5
      className="base-container_title"
    >
      Должности
    </h5>
    <div
      className="form-ranks-fields"
    >
      <div
        className="form-field form-field_required"
      >
        <label
          htmlFor="ranks[0].sport"
        >
          Вид спорта
        </label>
        <div
          className="form-field_with-error"
        >
          <div
            className="form-filter-dropdown-with-value"
          >
            <div
              className="dropdown"
              id="rank-sport-0"
            >
              <div
                className="dropdown-trigger"
              >
                <p
                  className="control has-icons-right has-icons-left input-trigger"
                >
                  <input
                    className="is-small base-input input"
                    disabled={false}
                    onBlur={[Function]}
                    onChange={[Function]}
                    onFocus={[Function]}
                    placeholder="Введите вид спорта"
                    type="text"
                    value=""
                  />
                  <span
                    className="icon is-small is-left"
                  >
                    <i
                      className="ic-place"
                    />
                  </span>
                  <span
                    className="icon is-small is-right"
                  >
                    <i
                      className="ic-keyboard-arrow-down"
                    />
                  </span>
                </p>
              </div>
              <div
                className="dropdown-menu"
                role="menu"
              >
                <ul
                  className="dropdown-content menu-list"
                >
                  <button
                    className="dropdown-item button base-button"
                    disabled={false}
                    id={null}
                    onClick={[Function]}
                    title=""
                    type="button"
                  >
                    
                    Хоккей
                  </button>
                  <button
                    className="dropdown-item button base-button"
                    disabled={false}
                    id={null}
                    onClick={[Function]}
                    title=""
                    type="button"
                  >
                    
                    Футбол
                  </button>
                </ul>
              </div>
            </div>
          </div>
        </div>
      </div>
      <div
        className="form-field form-field_required"
      >
        <label
          htmlFor="ranks[0].discipline"
        >
          Дисциплина
        </label>
        <div
          className="form-field_with-error"
        >
          <div
            className="form-filter-dropdown-with-value"
          >
            <div
              className="dropdown"
              id="rank-discipline-0"
            >
              <div
                className="dropdown-trigger"
              >
                <p
                  className="control has-icons-right has-icons-left input-trigger"
                >
                  <input
                    className="is-small base-input input"
                    disabled={false}
                    onBlur={[Function]}
                    onChange={[Function]}
                    onFocus={[Function]}
                    placeholder="Введите название дисциплины"
                    type="text"
                    value=""
                  />
                  <span
                    className="icon is-small is-left"
                  >
                    <i
                      className="ic-place"
                    />
                  </span>
                  <span
                    className="icon is-small is-right"
                  >
                    <i
                      className="ic-keyboard-arrow-down"
                    />
                  </span>
                </p>
              </div>
              <div
                className="dropdown-menu"
                role="menu"
              >
                <ul
                  className="dropdown-content menu-list"
                >
                  <button
                    className="dropdown-item button base-button"
                    disabled={false}
                    id={null}
                    onClick={[Function]}
                    title=""
                    type="button"
                  >
                    
                    Любая дисциплина
                  </button>
                </ul>
              </div>
            </div>
          </div>
        </div>
      </div>
      <div
        className="form-field form-field_required"
      >
        <label
          htmlFor="ranks[0].rank"
        >
          Звание
        </label>
        <div
          className="form-field_with-error"
        >
          <div
            className="form-filter-dropdown-with-value"
          >
            <div
              className="dropdown"
              id="rank-rank-0"
            >
              <div
                className="dropdown-trigger"
              >
                <p
                  className="control has-icons-right has-icons-left input-trigger"
                >
                  <input
                    className="is-small base-input input"
                    disabled={false}
                    onBlur={[Function]}
                    onChange={[Function]}
                    onFocus={[Function]}
                    placeholder="Введите наименование звания"
                    type="text"
                    value=""
                  />
                  <span
                    className="icon is-small is-left"
                  >
                    <i
                      className="ic-place"
                    />
                  </span>
                  <span
                    className="icon is-small is-right"
                  >
                    <i
                      className="ic-keyboard-arrow-down"
                    />
                  </span>
                </p>
              </div>
              <div
                className="dropdown-menu"
                role="menu"
              >
                <ul
                  className="dropdown-content menu-list"
                >
                  <button
                    className="dropdown-item button base-button"
                    disabled={false}
                    id={null}
                    onClick={[Function]}
                    title=""
                    type="button"
                  >
                    
                    Без звания
                  </button>
                  <button
                    className="dropdown-item button base-button"
                    disabled={false}
                    id={null}
                    onClick={[Function]}
                    title=""
                    type="button"
                  >
                    
                    Третий юношеский спортивный разряд
                  </button>
                </ul>
              </div>
            </div>
          </div>
        </div>
      </div>
      <div
        className="form-some-blocks"
      >
        <div
          className="form-field"
        >
          <label
            htmlFor="ranks[0].docName"
          >
            Название документа, удостоверяющего звание
          </label>
          <div
            className=""
          >
            <input
              className="form-input base-input input"
              disabled={false}
              name="ranks[0].docName"
              onBlur={[Function]}
              onChange={[Function]}
              onFocus={[Function]}
              placeholder="Введите название документа"
              type="text"
              value=""
            />
          </div>
        </div>
        <div
          className="form-field"
        >
          <label
            htmlFor="ranks[0].docDate"
          >
            Дата выдачи документа
          </label>
          <div
            className=""
          >
            <div
              className="DayPickerInput"
            >
              <div
                className="calendar-input-field control has-icons-right"
              >
                <input
                  autoComplete="off"
                  className="form-input"
                  name="ranks[0].docDate"
                  onBlur={[Function]}
                  onChange={[Function]}
                  onClick={[Function]}
                  onFocus={[Function]}
                  onMouseDown={[Function]}
                  onPaste={[Function]}
                  placeholder="Введите дату выдачи документа"
                  value=""
                />
                <span
                  className="icon is-small is-right"
                >
                  <i
                    className="ic-calendar"
                  />
                </span>
              </div>
            </div>
          </div>
        </div>
      </div>
      <hr />
      <button
        className="inline-button button base-button"
        disabled={false}
        id={null}
        onClick={[Function]}
        title=""
        type="button"
      >
        
        Добавить звание
      </button>
    </div>
  </div>
</form>
`;
